// Jest Snapshot v1, https://goo.gl/fbAQLP

exports[`<Chart/> renders without crashing 1`] = `
<div>
  <div
    class="sc-bdVaJa sc-gqjmRU jdskBh"
  >
    <div
      class="sc-bdVaJa sc-dnqmqq fxpCkU"
      data-testid="VerticalAxis"
    >
      <div
        class="sc-bdVaJa sc-iwsKbI fzvQgT"
      >
        $50
      </div>
      <div
        class="sc-bdVaJa sc-iwsKbI fzvQgT"
      >
        $20
      </div>
    </div>
    <div
      class="sc-gZMcBi jANtVc"
      data-testid="HoverRegion"
    >
      <svg
        class="sc-ifAKCX dCYFNS"
        data-testid="Graph"
      >
        <g />
      </svg>
      <svg
        class="sc-bwzfXH cZdfWA"
        data-testid="Cursor"
        style="opacity: 0;"
      >
        <line
          class="sc-bxivhb ftbvBS"
          x1="-1"
          x2="-1"
          y1="0"
          y2="0"
        />
        <circle
          class="sc-htpNat hKELQN"
          cx="-1"
          cy="-1"
        />
      </svg>
      <div
        class="sc-bdVaJa sc-gzVnrw cNZTUB"
        data-testid="HoverContainer"
        style="top: -12px; left: -101px; opacity: 0;"
      >
        <div
          class="sc-htoDjs hptRiM"
          color="#FFFFFF"
        />
      </div>
      <div
        class="sc-bdVaJa sc-gzVnrw cNZTUB"
        data-testid="HoverContainer"
        style="bottom: -12px; left: -101px; opacity: 0;"
      >
        <div
          class="sc-htoDjs RdJKU"
          color="#7D95B6"
        />
      </div>
    </div>
    <div
      class="sc-bdVaJa sc-dnqmqq iHdDJu"
      data-testid="VerticalAxis"
    >
      <div
        class="sc-bdVaJa sc-iwsKbI fzvQgT"
      >
        $50
      </div>
      <div
        class="sc-bdVaJa sc-iwsKbI fzvQgT"
      >
        $20
      </div>
    </div>
  </div>
  <div
    class="sc-bdVaJa sc-EHOje hnadrI"
    data-testid="HorizontalAxis"
  >
    <div
      class="sc-bZQynM itqFyr"
    >
      04:16 PM
    </div>
    <div
      class="sc-bZQynM itqFyr"
    >
      04:25 PM
    </div>
    <div
      class="sc-bZQynM itqFyr"
    >
      04:33 PM
    </div>
    <div
      class="sc-bZQynM itqFyr"
    >
      04:41 PM
    </div>
    <div
      class="sc-bZQynM itqFyr"
    >
      04:50 PM
    </div>
    <div
      class="sc-bZQynM itqFyr"
    >
      04:58 PM
    </div>
    <div
      class="sc-bZQynM itqFyr"
    >
      05:06 PM
    </div>
  </div>
</div>
`;
